// Jest Snapshot v1, https://goo.gl/fbAQLP

exports[`should render Button component correctly 1`] = `
<button
  className="sc-bdVaJa bUPfJD"
  disabled={false}
  onClick={[MockFunction]}
>
  testBtn
</button>
`;
